Microchip MPLAB XC8 Compiler V1.34 ()

Linker command line:

--edf=C:\Program Files (x86)\Microchip\xc8\v1.34\dat\en_msgs.txt -cs \
  -h+dist/default/production\pic_abmc.X.production.sym \
  --cmf=dist/default/production\pic_abmc.X.production.cmf -z -Q16F690 \
  -oC:\Users\Daniel\AppData\Local\Temp\s7cs.6 \
  -Mdist/default/production/pic_abmc.X.production.map -E1 -ver=XC8 \
  -ASTACK=0A0h-0efh -pstack=STACK -ACODE=00h-07FFhx2 -ASTRCODE=00h-0FFFh \
  -ASTRING=00h-0FFhx16 -ACONST=00h-0FFhx16 -AENTRY=00h-0FFhx16 \
  -ACOMMON=070h-07Fh -ABANK0=020h-06Fh -ABANK1=0A0h-0EFh \
  -ABANK2=0120h-016Fh -ARAM=020h-06Fh,0A0h-0EFh,0120h-016Fh \
  -AABS1=020h-07Fh,0A0h-0EFh,0120h-016Fh -ASFR0=00h-01Fh -ASFR1=080h-09Fh \
  -ASFR2=0100h-011Fh -ASFR3=0180h-01EFh \
  -preset_vec=00h,intentry=04h,init,end_init -ppowerup=CODE -pcinit=CODE \
  -pfunctab=CODE -ACONFIG=02007h-02007h -pconfig=CONFIG -DCONFIG=2 \
  -AIDLOC=02000h-02003h -pidloc=IDLOC -DIDLOC=2 -AEEDATA=00h-0FFh/02100h \
  -peeprom_data=EEDATA -DEEDATA=2 -DCODE=2 -DSTRCODE=2 -DSTRING=2 -DCONST=2 \
  -DENTRY=2 -k C:\Users\Daniel\AppData\Local\Temp\s7cs.obj \
  dist/default/production\pic_abmc.X.production.obj 

Object code version is 3.11

Machine type is 16F690



                Name                               Link     Load   Length Selector   Space Scale
C:\Users\Daniel\AppData\Local\Temp\s7cs.obj
                end_init                             11       11        2        8       0
                reset_vec                             0        0        2        0       0
                config                             2007     2007        1     400E       0
dist/default/production\pic_abmc.X.production.obj
                cinit                                13       13       15        8       0
                intentry                              4        4        D        8       0
                text7                               1F6      1F6       20        8       0
                text6                               283      283        7      4E4       0
                text5                               216      216       1D        8       0
                text4                               233      233       13        8       0
                text3                               18D      18D       69        8       0
                text2                               28A      28A        5      4E4       0
                swtext2                             256      256       10      4AC       0
                swtext1                             266      266        C      4AC       0
                text1                                DB       DB       B2        8       0
                maintext                             28       28       B3        8       0
                cstackBANK0                          20       20       1B       20       1
                cstackCOMMON                         70       70        7       70       1
                inittext                            246      246       10        8       0
                clrtext                             27B      27B        8      4E4       0
                dataBANK0                            4D       4D        9       20       1
                bssBANK0                             3B       3B       12       20       1
                bssCOMMON                            77       77        1       70       1
                idataBANK0                          272      272        9      4E4       0

TOTAL           Name                               Link     Load   Length     Space
        CLASS   STACK          

        CLASS   CODE           
                end_init                             11       11        2         0
                cinit                                13       13       15         0
                intentry                              4        4        D         0
                reset_vec                             0        0        2         0
                text7                               1F6      1F6       20         0
                text6                               283      283        7         0
                text5                               216      216       1D         0
                text4                               233      233       13         0
                text3                               18D      18D       69         0
                text2                               28A      28A        5         0
                text1                                DB       DB       B2         0
                maintext                             28       28       B3         0
                inittext                            246      246       10         0
                clrtext                             27B      27B        8         0
                idataBANK0                          272      272        9         0

        CLASS   STRCODE        

        CLASS   STRING         

        CLASS   CONST          
                swtext2                             256      256       10         0
                swtext1                             266      266        C         0

        CLASS   ENTRY          

        CLASS   COMMON         
                cstackCOMMON                         70       70        7         1
                bssCOMMON                            77       77        1         1

        CLASS   BANK0          
                cstackBANK0                          20       20       1B         1
                dataBANK0                            4D       4D        9         1
                bssBANK0                             3B       3B       12         1

        CLASS   BANK1          

        CLASS   BANK2          

        CLASS   RAM            

        CLASS   ABS1           
                abs_s1                               7E       7E        2         1

        CLASS   SFR0           

        CLASS   SFR1           

        CLASS   SFR2           

        CLASS   SFR3           

        CLASS   CONFIG         
                config                             2007     2007        1         0

        CLASS   IDLOC          

        CLASS   EEDATA         

        CLASS   BANK3          



SEGMENTS        Name                           Load    Length   Top    Selector   Space  Class     Delta

                reset_vec                      000000  000002  000002         0       0  CODE        2
                intentry                       000004  000252  000256         8       0  CODE        2
                cstackBANK0                    000020  000036  000056        20       1  BANK0       1
                cstackCOMMON                   000070  000008  000078        70       1  COMMON      1
                swtext2                        000256  00001C  000272       4AC       0  CONST       2
                idataBANK0                     000272  00001D  00028F       4E4       0  CODE        2
                config                         002007  000001  002008      400E       0  CONFIG      2


UNUSED ADDRESS RANGES

        Name                Unused          Largest block    Delta
        BANK0            0056-006F             1A           1
        BANK1            00A0-00EF             50           1
        BANK2            0120-016F             50           1
        CODE             0002-0003              2           2
                         028F-0FFF            571
        COMMON           0078-007D              6           1
        CONST            0002-0003              2           2
                         028F-0FFF            100
        EEDATA           2100-21FF            100           2
        ENTRY            0002-0003              2           2
                         028F-0FFF            100
        IDLOC            2000-2003              4           2
        RAM              0056-006F             1A           1
                         00A0-00EF             50
                         0120-016F             50
        SFR0             0000-001F             20           1
        SFR1             0080-009F             20           1
        SFR2             0100-011F             20           1
        SFR3             0180-01EF             70           1
        STACK            00A0-00EF             50           1
        STRCODE          0002-0003              2           2
                         028F-0FFF            D71
        STRING           0002-0003              2           2
                         028F-0FFF            100

                                  Symbol Table

TimerDaemon@timerTicks        cstackCOMMON 0076
UARTTransmit@b                cstackCOMMON 0075
WritePin@outOfBound           cstackBANK0  0021
WritePin@pinName              cstackCOMMON 0075
WritePin@portName             cstackBANK0  0020
WritePin@state                cstackCOMMON 0076
_ANSEL                        (abs)        011E
_ANSELH                       (abs)        011F
_BAUDCTLbits                  (abs)        009B
_ConfigureOscillator          text6        0283
_INTCONbits                   (abs)        000B
_InitApp                      text5        0216
_InitializeUART               text4        0233
_OPTION_REGbits               (abs)        0081
_OSCCONbits                   (abs)        008F
_PIE1bits                     (abs)        008C
_PIR1bits                     (abs)        000C
_PORTA                        (abs)        0005
_PORTAbits                    (abs)        0005
_PORTB                        (abs)        0006
_PORTBbits                    (abs)        0006
_PORTC                        (abs)        0007
_PORTCbits                    (abs)        0007
_RCSTAbits                    (abs)        0018
_SPBRG                        (abs)        0099
_SPBRGH                       (abs)        009A
_TRISA                        (abs)        0085
_TRISB                        (abs)        0086
_TRISBbits                    (abs)        0086
_TRISC                        (abs)        0087
_TXREG                        (abs)        0019
_TXSTAbits                    (abs)        0098
_TimerDaemon                  text3        018D
_UARTTransmit                 text2        028A
_WPUA                         (abs)        0095
_WritePin                     text1        00DB
__CFG_BOREN$ON                (abs)        0000
__CFG_CP$OFF                  (abs)        0000
__CFG_CPD$OFF                 (abs)        0000
__CFG_FCMEN$ON                (abs)        0000
__CFG_FOSC$INTRCCLK           (abs)        0000
__CFG_IESO$ON                 (abs)        0000
__CFG_MCLRE$OFF               (abs)        0000
__CFG_PWRTE$OFF               (abs)        0000
__CFG_WDTE$OFF                (abs)        0000
__Habs1                       abs1         0000
__Hbank0                      bank0        0000
__Hbank1                      bank1        0000
__Hbank2                      bank2        0000
__Hbank3                      bank3        0000
__HbssBANK0                   bssBANK0     0000
__HbssCOMMON                  bssCOMMON    0000
__Hcinit                      cinit        0028
__Hclrtext                    clrtext      0000
__Hcode                       code         0000
__Hcommon                     common       0000
__Hconfig                     config       2008
__HcstackBANK0                cstackBANK0  0000
__HcstackCOMMON               cstackCOMMON 0000
__HdataBANK0                  dataBANK0    0000
__Heeprom_data                eeprom_data  0000
__Hend_init                   end_init     0013
__Hfunctab                    functab      0000
__HidataBANK0                 idataBANK0   0000
__Hidloc                      idloc        0000
__Hinit                       init         0011
__Hinittext                   inittext     0000
__Hintentry                   intentry     0011
__Hmaintext                   maintext     0000
__Hpowerup                    powerup      0000
__Hram                        ram          0000
__Hreset_vec                  reset_vec    0002
__Hsfr0                       sfr0         0000
__Hsfr1                       sfr1         0000
__Hsfr2                       sfr2         0000
__Hsfr3                       sfr3         0000
__Hspace_0                    (abs)        2008
__Hspace_1                    (abs)        0078
__Hspace_2                    (abs)        0000
__Hspace_3                    (abs)        0000
__Hstack                      stack        0000
__Hstrings                    strings      0000
__Htext                       text         0000
__Labs1                       abs1         0000
__Lbank0                      bank0        0000
__Lbank1                      bank1        0000
__Lbank2                      bank2        0000
__Lbank3                      bank3        0000
__LbssBANK0                   bssBANK0     0000
__LbssCOMMON                  bssCOMMON    0000
__Lcinit                      cinit        0013
__Lclrtext                    clrtext      0000
__Lcode                       code         0000
__Lcommon                     common       0000
__Lconfig                     config       2007
__LcstackBANK0                cstackBANK0  0000
__LcstackCOMMON               cstackCOMMON 0000
__LdataBANK0                  dataBANK0    0000
__Leeprom_data                eeprom_data  0000
__Lend_init                   end_init     0011
__Lfunctab                    functab      0000
__LidataBANK0                 idataBANK0   0000
__Lidloc                      idloc        0000
__Linit                       init         0011
__Linittext                   inittext     0000
__Lintentry                   intentry     0004
__Lmaintext                   maintext     0000
__Lpowerup                    powerup      0000
__Lram                        ram          0000
__Lreset_vec                  reset_vec    0000
__Lsfr0                       sfr0         0000
__Lsfr1                       sfr1         0000
__Lsfr2                       sfr2         0000
__Lsfr3                       sfr3         0000
__Lspace_0                    (abs)        0000
__Lspace_1                    (abs)        0000
__Lspace_2                    (abs)        0000
__Lspace_3                    (abs)        0000
__Lstack                      stack        0000
__Lstrings                    strings      0000
__Ltext                       text         0000
__S0                          (abs)        2008
__S1                          (abs)        0078
__S2                          (abs)        0000
__S3                          (abs)        0000
___int_sp                     stack        0000
___latbits                    (abs)        0001
___sp                         stack        0000
__end_of_ConfigureOscillator  text6        028A
__end_of_InitApp              text5        0233
__end_of_InitializeUART       text4        0246
__end_of_TimerDaemon          text3        01F6
__end_of_UARTTransmit         text2        028F
__end_of_WritePin             text1        018D
__end_of__initialization      cinit        0025
__end_of_isr                  text7        0216
__end_of_main                 maintext     00DB
__initialization              cinit        0013
__pbssBANK0                   bssBANK0     003B
__pbssCOMMON                  bssCOMMON    0077
__pcstackBANK0                cstackBANK0  0020
__pcstackCOMMON               cstackCOMMON 0070
__pdataBANK0                  dataBANK0    004D
__pidataBANK0                 idataBANK0   0272
__pintentry                   intentry     0004
__pmaintext                   maintext     0028
__pswtext1                    swtext1      0266
__pswtext2                    swtext2      0256
__ptext1                      text1        00DB
__ptext2                      text2        028A
__ptext3                      text3        018D
__ptext4                      text4        0233
__ptext5                      text5        0216
__ptext6                      text6        0283
__ptext7                      text7        01F6
__size_of_ConfigureOscillator (abs)        0000
__size_of_InitApp             (abs)        0000
__size_of_InitializeUART      (abs)        0000
__size_of_TimerDaemon         (abs)        0000
__size_of_UARTTransmit        (abs)        0000
__size_of_WritePin            (abs)        0000
__size_of_isr                 (abs)        0000
__size_of_main                (abs)        0000
_isr                          text7        01F6
_main                         maintext     0028
_rawTick                      bssCOMMON    0077
_test                         bssBANK0     004B
btemp                         (abs)        007E
clear_ram0                    clrtext      027B
end_of_initialization         cinit        0025
init_fetch0                   inittext     0246
init_ram0                     inittext     024A
interrupt_function            intentry     0004
intlevel0                     functab      0000
intlevel1                     functab      0000
intlevel2                     functab      0000
intlevel3                     functab      0000
intlevel4                     functab      0000
intlevel5                     functab      0000
ltemp                         (abs)        007E
ltemp0                        (abs)        007E
ltemp1                        (abs)        0082
ltemp2                        (abs)        0086
ltemp3                        (abs)        0080
main@F1555                    bssBANK0     0043
main@F1559                    dataBANK0    004D
main@buttonOK                 cstackBANK0  0026
main@debugTrigger             cstackBANK0  0032
main@i                        cstackBANK0  0030
main@temp                     cstackBANK0  0027
main@timerTicks               cstackBANK0  0033
reset_vec                     reset_vec    0000
saved_w                       (abs)        007E
stackhi                       (abs)        0000
stacklo                       (abs)        0000
start                         init         0011
start_initialization          cinit        0013
ttemp                         (abs)        007E
ttemp0                        (abs)        007E
ttemp1                        (abs)        0081
ttemp2                        (abs)        0084
ttemp3                        (abs)        0087
ttemp4                        (abs)        007F
wtemp                         (abs)        007E
wtemp0                        (abs)        007E
wtemp1                        (abs)        0080
wtemp2                        (abs)        0082
wtemp3                        (abs)        0084
wtemp4                        (abs)        0086
wtemp5                        (abs)        0088
wtemp6                        (abs)        007F


FUNCTION INFORMATION:

 *************** function _main *****************
 Defined at:
		line 51 in file "main.c"
 Parameters:    Size  Location     Type
		None
 Auto vars:     Size  Location     Type
  temp            9    7[BANK0 ] unsigned char [9]
  i               2   16[BANK0 ] int 
  timerTicks      8   19[BANK0 ] struct SYSTEM_TIMERS
  debugTrigger    1   18[BANK0 ] unsigned char 
  buttonOK        1    6[BANK0 ] unsigned char 
 Return value:  Size  Location     Type
		None               void
 Registers used:
		wreg, fsr0l, fsr0h, status,2, status,0, btemp+1, pclath, cstack
 Tracked objects:
		On entry : 
		On exit  : 
		Unchanged: 
 Data sizes:     COMMON   BANK0   BANK1   BANK2
      Params:         0       0       0       0
      Locals:         0      21       0       0
      Temps:          0       4       0       0
      Totals:         0      25       0       0
Total ram usage:       25 bytes
 Hardware stack levels required when called:    2
 This function calls:
		_ConfigureOscillator
		_InitApp
		_InitializeUART
		_TimerDaemon
		_UARTTransmit
		_WritePin
 This function is called by:
		Startup code after reset
 This function uses a non-reentrant model


 *************** function _WritePin *****************
 Defined at:
		line 62 in file "port_hal.c"
 Parameters:    Size  Location     Type
  portName        1    wreg     enum E30
  pinName         1    5[COMMON] enum E35
  state           1    6[COMMON] unsigned char 
 Auto vars:     Size  Location     Type
  portName        1    0[BANK0 ] enum E30
  outOfBound      1    1[BANK0 ] unsigned char 
 Return value:  Size  Location     Type
                  1    wreg      unsigned char 
 Registers used:
		wreg, fsr0l, fsr0h, status,2, status,0
 Tracked objects:
		On entry : 
		On exit  : 
		Unchanged: 
 Data sizes:     COMMON   BANK0   BANK1   BANK2
      Params:         2       0       0       0
      Locals:         0       2       0       0
      Temps:          0       0       0       0
      Totals:         2       2       0       0
Total ram usage:        4 bytes
 Hardware stack levels used:    1
 Hardware stack levels required when called:    1
 This function calls:
		Nothing
 This function is called by:
		_main
 This function uses a non-reentrant model


 *************** function _UARTTransmit *****************
 Defined at:
		line 40 in file "uart.c"
 Parameters:    Size  Location     Type
  b               2    5[COMMON] int 
 Auto vars:     Size  Location     Type
		None
 Return value:  Size  Location     Type
		None               void
 Registers used:
		wreg
 Tracked objects:
		On entry : 
		On exit  : 
		Unchanged: 
 Data sizes:     COMMON   BANK0   BANK1   BANK2
      Params:         2       0       0       0
      Locals:         0       0       0       0
      Temps:          0       0       0       0
      Totals:         2       0       0       0
Total ram usage:        2 bytes
 Hardware stack levels used:    1
 Hardware stack levels required when called:    1
 This function calls:
		Nothing
 This function is called by:
		_main
 This function uses a non-reentrant model


 *************** function _TimerDaemon *****************
 Defined at:
		line 14 in file "timing.c"
 Parameters:    Size  Location     Type
  timerTicks      1    wreg     PTR struct SYSTEM_TIMERS
		 -> main@timerTicks(8), 
 Auto vars:     Size  Location     Type
  timerTicks      1    6[COMMON] PTR struct SYSTEM_TIMERS
		 -> main@timerTicks(8), 
 Return value:  Size  Location     Type
		None               void
 Registers used:
		wreg, fsr0l, fsr0h, status,2, status,0
 Tracked objects:
		On entry : 
		On exit  : 
		Unchanged: 
 Data sizes:     COMMON   BANK0   BANK1   BANK2
      Params:         0       0       0       0
      Locals:         1       0       0       0
      Temps:          1       0       0       0
      Totals:         2       0       0       0
Total ram usage:        2 bytes
 Hardware stack levels used:    1
 Hardware stack levels required when called:    1
 This function calls:
		Nothing
 This function is called by:
		_main
 This function uses a non-reentrant model


 *************** function _InitializeUART *****************
 Defined at:
		line 14 in file "uart.c"
 Parameters:    Size  Location     Type
		None
 Auto vars:     Size  Location     Type
		None
 Return value:  Size  Location     Type
		None               void
 Registers used:
		wreg, status,2
 Tracked objects:
		On entry : 
		On exit  : 
		Unchanged: 
 Data sizes:     COMMON   BANK0   BANK1   BANK2
      Params:         0       0       0       0
      Locals:         0       0       0       0
      Temps:          0       0       0       0
      Totals:         0       0       0       0
Total ram usage:        0 bytes
 Hardware stack levels used:    1
 Hardware stack levels required when called:    1
 This function calls:
		Nothing
 This function is called by:
		_main
 This function uses a non-reentrant model


 *************** function _InitApp *****************
 Defined at:
		line 20 in file "user.c"
 Parameters:    Size  Location     Type
		None
 Auto vars:     Size  Location     Type
		None
 Return value:  Size  Location     Type
		None               void
 Registers used:
		wreg, status,2, status,0
 Tracked objects:
		On entry : 
		On exit  : 
		Unchanged: 
 Data sizes:     COMMON   BANK0   BANK1   BANK2
      Params:         0       0       0       0
      Locals:         0       0       0       0
      Temps:          0       0       0       0
      Totals:         0       0       0       0
Total ram usage:        0 bytes
 Hardware stack levels used:    1
 Hardware stack levels required when called:    1
 This function calls:
		Nothing
 This function is called by:
		_main
 This function uses a non-reentrant model


 *************** function _ConfigureOscillator *****************
 Defined at:
		line 18 in file "system.c"
 Parameters:    Size  Location     Type
		None
 Auto vars:     Size  Location     Type
		None
 Return value:  Size  Location     Type
		None               void
 Registers used:
		None
 Tracked objects:
		On entry : 
		On exit  : 
		Unchanged: 
 Data sizes:     COMMON   BANK0   BANK1   BANK2
      Params:         0       0       0       0
      Locals:         0       0       0       0
      Temps:          0       0       0       0
      Totals:         0       0       0       0
Total ram usage:        0 bytes
 Hardware stack levels used:    1
 Hardware stack levels required when called:    1
 This function calls:
		Nothing
 This function is called by:
		_main
 This function uses a non-reentrant model


 *************** function _isr *****************
 Defined at:
		line 25 in file "interrupts.c"
 Parameters:    Size  Location     Type
		None
 Auto vars:     Size  Location     Type
		None
 Return value:  Size  Location     Type
		None               void
 Registers used:
		wreg
 Tracked objects:
		On entry : 
		On exit  : 
		Unchanged: 
 Data sizes:     COMMON   BANK0   BANK1   BANK2
      Params:         0       0       0       0
      Locals:         0       0       0       0
      Temps:          5       0       0       0
      Totals:         5       0       0       0
Total ram usage:        5 bytes
 Hardware stack levels used:    1
 This function calls:
		Nothing
 This function is called by:
		Interrupt level 1
 This function uses a non-reentrant model



MODULE INFORMATION

Module		Function		Class		Link	Load	Size
port_hal.c
		_WritePin      		CODE           	00DB	0000	179

port_hal.c estimated size: 179

uart.c
		_UARTTransmit  		CODE           	028A	0000	6
		_InitializeUART		CODE           	0233	0000	20

uart.c estimated size: 26

interrupts.c
		_isr           		CODE           	01F6	0000	33

interrupts.c estimated size: 33

timing.c
		_TimerDaemon   		CODE           	018D	0000	106

timing.c estimated size: 106

shared
		__initializatio		CODE           	0013	0000	19

shared estimated size: 19

user.c
		_InitApp       		CODE           	0216	0000	30

user.c estimated size: 30

main.c
		_main          		CODE           	0028	0000	180

main.c estimated size: 180

system.c
		_ConfigureOscil		CODE           	0283	0000	8

system.c estimated size: 8

